Analysis & Synthesis report for main
Fri Jul 22 15:05:35 2016
Quartus Prime Version 16.0.0 Build 211 04/27/2016 SJ Lite Edition


---------------------
; Table of Contents ;
---------------------
  1. Legal Notice
  2. Analysis & Synthesis Summary
  3. Analysis & Synthesis Settings
  4. Parallel Compilation
  5. Analysis & Synthesis Source Files Read
  6. Analysis & Synthesis Resource Usage Summary
  7. Analysis & Synthesis Resource Utilization by Entity
  8. General Register Statistics
  9. Multiplexer Restructuring Statistics (Restructuring Performed)
 10. Port Connectivity Checks: "func_unit:f_unit|bit_op_multiplexor:shifter"
 11. Port Connectivity Checks: "func_unit:f_unit|alu:_alu|AU:au|sum:s|part_sum:sum1"
 12. Post-Synthesis Netlist Statistics for Top Partition
 13. Elapsed Time Per Partition
 14. Analysis & Synthesis Messages



----------------
; Legal Notice ;
----------------
Copyright (C) 1991-2016 Altera Corporation. All rights reserved.
Your use of Altera Corporation's design tools, logic functions 
and other software and tools, and its AMPP partner logic 
functions, and any output files from any of the foregoing 
(including device programming or simulation files), and any 
associated documentation or information are expressly subject 
to the terms and conditions of the Altera Program License 
Subscription Agreement, the Altera Quartus Prime License Agreement,
the Altera MegaCore Function License Agreement, or other 
applicable license agreement, including, without limitation, 
that your use is for the sole purpose of programming logic 
devices manufactured by Altera and sold by Altera or its 
authorized distributors.  Please refer to the applicable 
agreement for further details.



+-------------------------------------------------------------------------------+
; Analysis & Synthesis Summary                                                  ;
+---------------------------------+---------------------------------------------+
; Analysis & Synthesis Status     ; Successful - Fri Jul 22 15:05:35 2016       ;
; Quartus Prime Version           ; 16.0.0 Build 211 04/27/2016 SJ Lite Edition ;
; Revision Name                   ; main                                        ;
; Top-level Entity Name           ; datapath                                    ;
; Family                          ; Cyclone V                                   ;
; Logic utilization (in ALMs)     ; N/A                                         ;
; Total registers                 ; 256                                         ;
; Total pins                      ; 104                                         ;
; Total virtual pins              ; 0                                           ;
; Total block memory bits         ; 0                                           ;
; Total DSP Blocks                ; 0                                           ;
; Total HSSI RX PCSs              ; 0                                           ;
; Total HSSI PMA RX Deserializers ; 0                                           ;
; Total HSSI TX PCSs              ; 0                                           ;
; Total HSSI PMA TX Serializers   ; 0                                           ;
; Total PLLs                      ; 0                                           ;
; Total DLLs                      ; 0                                           ;
+---------------------------------+---------------------------------------------+


+---------------------------------------------------------------------------------------------------------------------------+
; Analysis & Synthesis Settings                                                                                             ;
+---------------------------------------------------------------------------------+--------------------+--------------------+
; Option                                                                          ; Setting            ; Default Value      ;
+---------------------------------------------------------------------------------+--------------------+--------------------+
; Device                                                                          ; 5CGXFC7C7F23C8     ;                    ;
; Top-level entity name                                                           ; datapath           ; main               ;
; Family name                                                                     ; Cyclone V          ; Cyclone V          ;
; Use smart compilation                                                           ; Off                ; Off                ;
; Enable parallel Assembler and TimeQuest Timing Analyzer during compilation      ; On                 ; On                 ;
; Enable compact report table                                                     ; Off                ; Off                ;
; Restructure Multiplexers                                                        ; Auto               ; Auto               ;
; MLAB Add Timing Constraints For Mixed-Port Feed-Through Mode Setting Don't Care ; Off                ; Off                ;
; Create Debugging Nodes for IP Cores                                             ; Off                ; Off                ;
; Preserve fewer node names                                                       ; On                 ; On                 ;
; Disable OpenCore Plus hardware evaluation                                       ; Off                ; Off                ;
; Verilog Version                                                                 ; Verilog_2001       ; Verilog_2001       ;
; VHDL Version                                                                    ; VHDL_1993          ; VHDL_1993          ;
; State Machine Processing                                                        ; Auto               ; Auto               ;
; Safe State Machine                                                              ; Off                ; Off                ;
; Extract Verilog State Machines                                                  ; On                 ; On                 ;
; Extract VHDL State Machines                                                     ; On                 ; On                 ;
; Ignore Verilog initial constructs                                               ; Off                ; Off                ;
; Iteration limit for constant Verilog loops                                      ; 5000               ; 5000               ;
; Iteration limit for non-constant Verilog loops                                  ; 250                ; 250                ;
; Add Pass-Through Logic to Inferred RAMs                                         ; On                 ; On                 ;
; Infer RAMs from Raw Logic                                                       ; On                 ; On                 ;
; Parallel Synthesis                                                              ; On                 ; On                 ;
; DSP Block Balancing                                                             ; Auto               ; Auto               ;
; NOT Gate Push-Back                                                              ; On                 ; On                 ;
; Power-Up Don't Care                                                             ; On                 ; On                 ;
; Remove Redundant Logic Cells                                                    ; Off                ; Off                ;
; Remove Duplicate Registers                                                      ; On                 ; On                 ;
; Ignore CARRY Buffers                                                            ; Off                ; Off                ;
; Ignore CASCADE Buffers                                                          ; Off                ; Off                ;
; Ignore GLOBAL Buffers                                                           ; Off                ; Off                ;
; Ignore ROW GLOBAL Buffers                                                       ; Off                ; Off                ;
; Ignore LCELL Buffers                                                            ; Off                ; Off                ;
; Ignore SOFT Buffers                                                             ; On                 ; On                 ;
; Limit AHDL Integers to 32 Bits                                                  ; Off                ; Off                ;
; Optimization Technique                                                          ; Balanced           ; Balanced           ;
; Carry Chain Length                                                              ; 70                 ; 70                 ;
; Auto Carry Chains                                                               ; On                 ; On                 ;
; Auto Open-Drain Pins                                                            ; On                 ; On                 ;
; Perform WYSIWYG Primitive Resynthesis                                           ; Off                ; Off                ;
; Auto ROM Replacement                                                            ; On                 ; On                 ;
; Auto RAM Replacement                                                            ; On                 ; On                 ;
; Auto DSP Block Replacement                                                      ; On                 ; On                 ;
; Auto Shift Register Replacement                                                 ; Auto               ; Auto               ;
; Allow Shift Register Merging across Hierarchies                                 ; Auto               ; Auto               ;
; Auto Clock Enable Replacement                                                   ; On                 ; On                 ;
; Strict RAM Replacement                                                          ; Off                ; Off                ;
; Allow Synchronous Control Signals                                               ; On                 ; On                 ;
; Force Use of Synchronous Clear Signals                                          ; Off                ; Off                ;
; Auto Resource Sharing                                                           ; Off                ; Off                ;
; Allow Any RAM Size For Recognition                                              ; Off                ; Off                ;
; Allow Any ROM Size For Recognition                                              ; Off                ; Off                ;
; Allow Any Shift Register Size For Recognition                                   ; Off                ; Off                ;
; Use LogicLock Constraints during Resource Balancing                             ; On                 ; On                 ;
; Ignore translate_off and synthesis_off directives                               ; Off                ; Off                ;
; Timing-Driven Synthesis                                                         ; On                 ; On                 ;
; Report Parameter Settings                                                       ; On                 ; On                 ;
; Report Source Assignments                                                       ; On                 ; On                 ;
; Report Connectivity Checks                                                      ; On                 ; On                 ;
; Ignore Maximum Fan-Out Assignments                                              ; Off                ; Off                ;
; Synchronization Register Chain Length                                           ; 3                  ; 3                  ;
; PowerPlay Power Optimization During Synthesis                                   ; Normal compilation ; Normal compilation ;
; HDL message level                                                               ; Level2             ; Level2             ;
; Suppress Register Optimization Related Messages                                 ; Off                ; Off                ;
; Number of Removed Registers Reported in Synthesis Report                        ; 5000               ; 5000               ;
; Number of Swept Nodes Reported in Synthesis Report                              ; 5000               ; 5000               ;
; Number of Inverted Registers Reported in Synthesis Report                       ; 100                ; 100                ;
; Clock MUX Protection                                                            ; On                 ; On                 ;
; Auto Gated Clock Conversion                                                     ; Off                ; Off                ;
; Block Design Naming                                                             ; Auto               ; Auto               ;
; SDC constraint protection                                                       ; Off                ; Off                ;
; Synthesis Effort                                                                ; Auto               ; Auto               ;
; Shift Register Replacement - Allow Asynchronous Clear Signal                    ; On                 ; On                 ;
; Pre-Mapping Resynthesis Optimization                                            ; Off                ; Off                ;
; Analysis & Synthesis Message Level                                              ; Medium             ; Medium             ;
; Disable Register Merging Across Hierarchies                                     ; Auto               ; Auto               ;
; Resource Aware Inference For Block RAM                                          ; On                 ; On                 ;
; Synthesis Seed                                                                  ; 1                  ; 1                  ;
; Automatic Parallel Synthesis                                                    ; On                 ; On                 ;
; Partial Reconfiguration Bitstream ID                                            ; Off                ; Off                ;
+---------------------------------------------------------------------------------+--------------------+--------------------+


Parallel compilation was disabled, but you have multiple processors available. Enable parallel compilation to reduce compilation time.
+-------------------------------------+
; Parallel Compilation                ;
+----------------------------+--------+
; Processors                 ; Number ;
+----------------------------+--------+
; Number detected on machine ; 4      ;
; Maximum allowed            ; 1      ;
+----------------------------+--------+


+----------------------------------------------------------------------------------------------------------------------------------+
; Analysis & Synthesis Source Files Read                                                                                           ;
+----------------------------------+-----------------+------------------------+------------------------------------------+---------+
; File Name with User-Entered Path ; Used in Netlist ; File Type              ; File Name with Absolute Path             ; Library ;
+----------------------------------+-----------------+------------------------+------------------------------------------+---------+
; decoder.v                        ; yes             ; User Verilog HDL File  ; C:/quatrum_projects/decoder.v            ;         ;
; multiplexor.v                    ; yes             ; User Verilog HDL File  ; C:/quatrum_projects/multiplexor.v        ;         ;
; memory_block.v                   ; yes             ; User Verilog HDL File  ; C:/quatrum_projects/memory_block.v       ;         ;
; register_file.v                  ; yes             ; User Verilog HDL File  ; C:/quatrum_projects/register_file.v      ;         ;
; op_multiplexor.v                 ; yes             ; User Verilog HDL File  ; C:/quatrum_projects/op_multiplexor.v     ;         ;
; au.v                             ; yes             ; User Verilog HDL File  ; C:/quatrum_projects/au.v                 ;         ;
; lu.v                             ; yes             ; User Verilog HDL File  ; C:/quatrum_projects/lu.v                 ;         ;
; alu.v                            ; yes             ; User Verilog HDL File  ; C:/quatrum_projects/alu.v                ;         ;
; bit_op_multiplexor.v             ; yes             ; User Verilog HDL File  ; C:/quatrum_projects/bit_op_multiplexor.v ;         ;
; func_unit.v                      ; yes             ; User Verilog HDL File  ; C:/quatrum_projects/func_unit.v          ;         ;
; datapath.v                       ; yes             ; User Verilog HDL File  ; C:/quatrum_projects/datapath.v           ;         ;
+----------------------------------+-----------------+------------------------+------------------------------------------+---------+


+---------------------------------------------------------+
; Analysis & Synthesis Resource Usage Summary             ;
+---------------------------------------------+-----------+
; Resource                                    ; Usage     ;
+---------------------------------------------+-----------+
; Estimate of Logic utilization (ALMs needed) ; 280       ;
;                                             ;           ;
; Combinational ALUT usage for logic          ; 313       ;
;     -- 7 input functions                    ; 5         ;
;     -- 6 input functions                    ; 205       ;
;     -- 5 input functions                    ; 38        ;
;     -- 4 input functions                    ; 29        ;
;     -- <=3 input functions                  ; 36        ;
;                                             ;           ;
; Dedicated logic registers                   ; 256       ;
;                                             ;           ;
; I/O pins                                    ; 104       ;
;                                             ;           ;
; Total DSP Blocks                            ; 0         ;
;                                             ;           ;
; Maximum fan-out node                        ; clk~input ;
; Maximum fan-out                             ; 256       ;
; Total fan-out                               ; 2601      ;
; Average fan-out                             ; 3.35      ;
+---------------------------------------------+-----------+


+--------------------------------------------------------------------------------------------------------------------------------------------------------------------------------------------------------------------------------+
; Analysis & Synthesis Resource Utilization by Entity                                                                                                                                                                            ;
+----------------------------------+-------------------+--------------+-------------------+------------+------+--------------+----------------------------------------------------------------+-------------------+--------------+
; Compilation Hierarchy Node       ; LC Combinationals ; LC Registers ; Block Memory Bits ; DSP Blocks ; Pins ; Virtual Pins ; Full Hierarchy Name                                            ; Entity Name       ; Library Name ;
+----------------------------------+-------------------+--------------+-------------------+------------+------+--------------+----------------------------------------------------------------+-------------------+--------------+
; |datapath                        ; 313 (0)           ; 256 (0)      ; 0                 ; 0          ; 104  ; 0            ; |datapath                                                      ; datapath          ; work         ;
;    |func_unit:f_unit|            ; 61 (0)            ; 0 (0)        ; 0                 ; 0          ; 0    ; 0            ; |datapath|func_unit:f_unit                                     ; func_unit         ; work         ;
;       |alu:_alu|                 ; 61 (0)            ; 0 (0)        ; 0                 ; 0          ; 0    ; 0            ; |datapath|func_unit:f_unit|alu:_alu                            ; alu               ; work         ;
;          |AU:au|                 ; 59 (25)           ; 0 (0)        ; 0                 ; 0          ; 0    ; 0            ; |datapath|func_unit:f_unit|alu:_alu|AU:au                      ; AU                ; work         ;
;             |sum:s|              ; 34 (0)            ; 0 (0)        ; 0                 ; 0          ; 0    ; 0            ; |datapath|func_unit:f_unit|alu:_alu|AU:au|sum:s                ; sum               ; work         ;
;                |part_sum:sum10|  ; 3 (3)             ; 0 (0)        ; 0                 ; 0          ; 0    ; 0            ; |datapath|func_unit:f_unit|alu:_alu|AU:au|sum:s|part_sum:sum10 ; part_sum          ; work         ;
;                |part_sum:sum11|  ; 3 (3)             ; 0 (0)        ; 0                 ; 0          ; 0    ; 0            ; |datapath|func_unit:f_unit|alu:_alu|AU:au|sum:s|part_sum:sum11 ; part_sum          ; work         ;
;                |part_sum:sum12|  ; 4 (4)             ; 0 (0)        ; 0                 ; 0          ; 0    ; 0            ; |datapath|func_unit:f_unit|alu:_alu|AU:au|sum:s|part_sum:sum12 ; part_sum          ; work         ;
;                |part_sum:sum13|  ; 2 (2)             ; 0 (0)        ; 0                 ; 0          ; 0    ; 0            ; |datapath|func_unit:f_unit|alu:_alu|AU:au|sum:s|part_sum:sum13 ; part_sum          ; work         ;
;                |part_sum:sum14|  ; 2 (2)             ; 0 (0)        ; 0                 ; 0          ; 0    ; 0            ; |datapath|func_unit:f_unit|alu:_alu|AU:au|sum:s|part_sum:sum14 ; part_sum          ; work         ;
;                |part_sum:sum15|  ; 1 (1)             ; 0 (0)        ; 0                 ; 0          ; 0    ; 0            ; |datapath|func_unit:f_unit|alu:_alu|AU:au|sum:s|part_sum:sum15 ; part_sum          ; work         ;
;                |part_sum:sum16|  ; 2 (2)             ; 0 (0)        ; 0                 ; 0          ; 0    ; 0            ; |datapath|func_unit:f_unit|alu:_alu|AU:au|sum:s|part_sum:sum16 ; part_sum          ; work         ;
;                |part_sum:sum2|   ; 2 (2)             ; 0 (0)        ; 0                 ; 0          ; 0    ; 0            ; |datapath|func_unit:f_unit|alu:_alu|AU:au|sum:s|part_sum:sum2  ; part_sum          ; work         ;
;                |part_sum:sum3|   ; 1 (1)             ; 0 (0)        ; 0                 ; 0          ; 0    ; 0            ; |datapath|func_unit:f_unit|alu:_alu|AU:au|sum:s|part_sum:sum3  ; part_sum          ; work         ;
;                |part_sum:sum4|   ; 1 (1)             ; 0 (0)        ; 0                 ; 0          ; 0    ; 0            ; |datapath|func_unit:f_unit|alu:_alu|AU:au|sum:s|part_sum:sum4  ; part_sum          ; work         ;
;                |part_sum:sum5|   ; 1 (1)             ; 0 (0)        ; 0                 ; 0          ; 0    ; 0            ; |datapath|func_unit:f_unit|alu:_alu|AU:au|sum:s|part_sum:sum5  ; part_sum          ; work         ;
;                |part_sum:sum6|   ; 3 (3)             ; 0 (0)        ; 0                 ; 0          ; 0    ; 0            ; |datapath|func_unit:f_unit|alu:_alu|AU:au|sum:s|part_sum:sum6  ; part_sum          ; work         ;
;                |part_sum:sum7|   ; 3 (3)             ; 0 (0)        ; 0                 ; 0          ; 0    ; 0            ; |datapath|func_unit:f_unit|alu:_alu|AU:au|sum:s|part_sum:sum7  ; part_sum          ; work         ;
;                |part_sum:sum8|   ; 4 (4)             ; 0 (0)        ; 0                 ; 0          ; 0    ; 0            ; |datapath|func_unit:f_unit|alu:_alu|AU:au|sum:s|part_sum:sum8  ; part_sum          ; work         ;
;                |part_sum:sum9|   ; 2 (2)             ; 0 (0)        ; 0                 ; 0          ; 0    ; 0            ; |datapath|func_unit:f_unit|alu:_alu|AU:au|sum:s|part_sum:sum9  ; part_sum          ; work         ;
;          |LU:lu|                 ; 2 (2)             ; 0 (0)        ; 0                 ; 0          ; 0    ; 0            ; |datapath|func_unit:f_unit|alu:_alu|LU:lu                      ; LU                ; work         ;
;    |multiplexor_16x3:m16x3_1|    ; 16 (16)           ; 0 (0)        ; 0                 ; 0          ; 0    ; 0            ; |datapath|multiplexor_16x3:m16x3_1                             ; multiplexor_16x3  ; work         ;
;    |multiplexor_16x3:m16x3_2|    ; 60 (60)           ; 0 (0)        ; 0                 ; 0          ; 0    ; 0            ; |datapath|multiplexor_16x3:m16x3_2                             ; multiplexor_16x3  ; work         ;
;    |register_file:reg_file|      ; 176 (0)           ; 256 (0)      ; 0                 ; 0          ; 0    ; 0            ; |datapath|register_file:reg_file                               ; register_file     ; work         ;
;       |decoder:dec|              ; 16 (16)           ; 0 (0)        ; 0                 ; 0          ; 0    ; 0            ; |datapath|register_file:reg_file|decoder:dec                   ; decoder           ; work         ;
;       |memory_block:mem_block10| ; 0 (0)             ; 16 (16)      ; 0                 ; 0          ; 0    ; 0            ; |datapath|register_file:reg_file|memory_block:mem_block10      ; memory_block      ; work         ;
;       |memory_block:mem_block11| ; 0 (0)             ; 16 (16)      ; 0                 ; 0          ; 0    ; 0            ; |datapath|register_file:reg_file|memory_block:mem_block11      ; memory_block      ; work         ;
;       |memory_block:mem_block12| ; 0 (0)             ; 16 (16)      ; 0                 ; 0          ; 0    ; 0            ; |datapath|register_file:reg_file|memory_block:mem_block12      ; memory_block      ; work         ;
;       |memory_block:mem_block13| ; 0 (0)             ; 16 (16)      ; 0                 ; 0          ; 0    ; 0            ; |datapath|register_file:reg_file|memory_block:mem_block13      ; memory_block      ; work         ;
;       |memory_block:mem_block14| ; 0 (0)             ; 16 (16)      ; 0                 ; 0          ; 0    ; 0            ; |datapath|register_file:reg_file|memory_block:mem_block14      ; memory_block      ; work         ;
;       |memory_block:mem_block15| ; 0 (0)             ; 16 (16)      ; 0                 ; 0          ; 0    ; 0            ; |datapath|register_file:reg_file|memory_block:mem_block15      ; memory_block      ; work         ;
;       |memory_block:mem_block16| ; 0 (0)             ; 16 (16)      ; 0                 ; 0          ; 0    ; 0            ; |datapath|register_file:reg_file|memory_block:mem_block16      ; memory_block      ; work         ;
;       |memory_block:mem_block1|  ; 0 (0)             ; 16 (16)      ; 0                 ; 0          ; 0    ; 0            ; |datapath|register_file:reg_file|memory_block:mem_block1       ; memory_block      ; work         ;
;       |memory_block:mem_block2|  ; 0 (0)             ; 16 (16)      ; 0                 ; 0          ; 0    ; 0            ; |datapath|register_file:reg_file|memory_block:mem_block2       ; memory_block      ; work         ;
;       |memory_block:mem_block3|  ; 0 (0)             ; 16 (16)      ; 0                 ; 0          ; 0    ; 0            ; |datapath|register_file:reg_file|memory_block:mem_block3       ; memory_block      ; work         ;
;       |memory_block:mem_block4|  ; 0 (0)             ; 16 (16)      ; 0                 ; 0          ; 0    ; 0            ; |datapath|register_file:reg_file|memory_block:mem_block4       ; memory_block      ; work         ;
;       |memory_block:mem_block5|  ; 0 (0)             ; 16 (16)      ; 0                 ; 0          ; 0    ; 0            ; |datapath|register_file:reg_file|memory_block:mem_block5       ; memory_block      ; work         ;
;       |memory_block:mem_block6|  ; 0 (0)             ; 16 (16)      ; 0                 ; 0          ; 0    ; 0            ; |datapath|register_file:reg_file|memory_block:mem_block6       ; memory_block      ; work         ;
;       |memory_block:mem_block7|  ; 0 (0)             ; 16 (16)      ; 0                 ; 0          ; 0    ; 0            ; |datapath|register_file:reg_file|memory_block:mem_block7       ; memory_block      ; work         ;
;       |memory_block:mem_block8|  ; 0 (0)             ; 16 (16)      ; 0                 ; 0          ; 0    ; 0            ; |datapath|register_file:reg_file|memory_block:mem_block8       ; memory_block      ; work         ;
;       |memory_block:mem_block9|  ; 0 (0)             ; 16 (16)      ; 0                 ; 0          ; 0    ; 0            ; |datapath|register_file:reg_file|memory_block:mem_block9       ; memory_block      ; work         ;
;       |multiplexor_16x16:mult1|  ; 80 (80)           ; 0 (0)        ; 0                 ; 0          ; 0    ; 0            ; |datapath|register_file:reg_file|multiplexor_16x16:mult1       ; multiplexor_16x16 ; work         ;
;       |multiplexor_16x16:mult2|  ; 80 (80)           ; 0 (0)        ; 0                 ; 0          ; 0    ; 0            ; |datapath|register_file:reg_file|multiplexor_16x16:mult2       ; multiplexor_16x16 ; work         ;
+----------------------------------+-------------------+--------------+-------------------+------------+------+--------------+----------------------------------------------------------------+-------------------+--------------+
Note: For table entries with two numbers listed, the numbers in parentheses indicate the number of resources of the given type used by the specific entity alone. The numbers listed outside of parentheses indicate the total resources of the given type used by the specific entity and all of its sub-entities in the hierarchy.


+------------------------------------------------------+
; General Register Statistics                          ;
+----------------------------------------------+-------+
; Statistic                                    ; Value ;
+----------------------------------------------+-------+
; Total registers                              ; 256   ;
; Number of registers using Synchronous Clear  ; 0     ;
; Number of registers using Synchronous Load   ; 0     ;
; Number of registers using Asynchronous Clear ; 0     ;
; Number of registers using Asynchronous Load  ; 0     ;
; Number of registers using Clock Enable       ; 256   ;
; Number of registers using Preset             ; 0     ;
+----------------------------------------------+-------+


+------------------------------------------------------------------------------------------------------------------------------------------------------------------------------+
; Multiplexer Restructuring Statistics (Restructuring Performed)                                                                                                               ;
+--------------------+-----------+---------------+----------------------+------------------------+------------+----------------------------------------------------------------+
; Multiplexer Inputs ; Bus Width ; Baseline Area ; Area if Restructured ; Saving if Restructured ; Registered ; Example Multiplexer Output                                     ;
+--------------------+-----------+---------------+----------------------+------------------------+------------+----------------------------------------------------------------+
; 16:1               ; 16 bits   ; 160 LEs       ; 160 LEs              ; 0 LEs                  ; No         ; |datapath|register_file:reg_file|multiplexor_16x16:mult1|Mux15 ;
; 16:1               ; 16 bits   ; 160 LEs       ; 160 LEs              ; 0 LEs                  ; No         ; |datapath|register_file:reg_file|multiplexor_16x16:mult2|Mux15 ;
; 8:1                ; 14 bits   ; 70 LEs        ; 70 LEs               ; 0 LEs                  ; No         ; |datapath|multiplexor_16x3:m16x3_2|F[13]                       ;
+--------------------+-----------+---------------+----------------------+------------------------+------------+----------------------------------------------------------------+


+------------------------------------------------------------------------------------------------------------------------------------------------------------------------------------------------------------------+
; Port Connectivity Checks: "func_unit:f_unit|bit_op_multiplexor:shifter"                                                                                                                                          ;
+----------+-------+----------+------------------------------------------------------------------------------------------------------------------------------------------------------------------------------------+
; Port     ; Type  ; Severity ; Details                                                                                                                                                                            ;
+----------+-------+----------+------------------------------------------------------------------------------------------------------------------------------------------------------------------------------------+
; VAL1     ; Input ; Warning  ; Input port expression (32 bits) is wider than the input port (1 bits) it drives.  The 31 most-significant bit(s) in the expression will be dangling if they have no other fanouts. ;
; VAL1[-1] ; Input ; Info     ; Stuck at GND                                                                                                                                                                       ;
; VAL2     ; Input ; Warning  ; Input port expression (32 bits) is wider than the input port (1 bits) it drives.  The 31 most-significant bit(s) in the expression will be dangling if they have no other fanouts. ;
; VAL2[-1] ; Input ; Info     ; Stuck at GND                                                                                                                                                                       ;
+----------+-------+----------+------------------------------------------------------------------------------------------------------------------------------------------------------------------------------------+


+----------------------------------------------------------------------------------------------------------------------------------------------------------------------------------------------------------------+
; Port Connectivity Checks: "func_unit:f_unit|alu:_alu|AU:au|sum:s|part_sum:sum1"                                                                                                                                ;
+--------+-------+----------+------------------------------------------------------------------------------------------------------------------------------------------------------------------------------------+
; Port   ; Type  ; Severity ; Details                                                                                                                                                                            ;
+--------+-------+----------+------------------------------------------------------------------------------------------------------------------------------------------------------------------------------------+
; SH     ; Input ; Warning  ; Input port expression (32 bits) is wider than the input port (1 bits) it drives.  The 31 most-significant bit(s) in the expression will be dangling if they have no other fanouts. ;
; SH[-1] ; Input ; Info     ; Stuck at GND                                                                                                                                                                       ;
+--------+-------+----------+------------------------------------------------------------------------------------------------------------------------------------------------------------------------------------+


+-----------------------------------------------------+
; Post-Synthesis Netlist Statistics for Top Partition ;
+-----------------------+-----------------------------+
; Type                  ; Count                       ;
+-----------------------+-----------------------------+
; arriav_ff             ; 256                         ;
;     ENA               ; 256                         ;
; arriav_lcell_comb     ; 314                         ;
;     arith             ; 16                          ;
;         4 data inputs ; 16                          ;
;     extend            ; 5                           ;
;         7 data inputs ; 5                           ;
;     normal            ; 293                         ;
;         1 data inputs ; 1                           ;
;         2 data inputs ; 17                          ;
;         3 data inputs ; 19                          ;
;         4 data inputs ; 13                          ;
;         5 data inputs ; 38                          ;
;         6 data inputs ; 205                         ;
; boundary_port         ; 104                         ;
;                       ;                             ;
; Max LUT depth         ; 11.10                       ;
; Average LUT depth     ; 7.83                        ;
+-----------------------+-----------------------------+


+-------------------------------+
; Elapsed Time Per Partition    ;
+----------------+--------------+
; Partition Name ; Elapsed Time ;
+----------------+--------------+
; Top            ; 00:00:01     ;
+----------------+--------------+


+-------------------------------+
; Analysis & Synthesis Messages ;
+-------------------------------+
Info: *******************************************************************
Info: Running Quartus Prime Analysis & Synthesis
    Info: Version 16.0.0 Build 211 04/27/2016 SJ Lite Edition
    Info: Processing started: Fri Jul 22 15:05:18 2016
Info: Command: quartus_map --read_settings_files=on --write_settings_files=off main -c main
Warning (20028): Parallel compilation is not licensed and has been disabled
Info (12021): Found 3 design units, including 3 entities, in source file memory.v
    Info (12023): Found entity 1: memory1 File: C:/quatrum_projects/memory.v Line: 1
    Info (12023): Found entity 2: memory2 File: C:/quatrum_projects/memory.v Line: 12
    Info (12023): Found entity 3: memory File: C:/quatrum_projects/memory.v Line: 22
Info (12021): Found 1 design units, including 1 entities, in source file decoder.v
    Info (12023): Found entity 1: decoder File: C:/quatrum_projects/decoder.v Line: 1
Info (12021): Found 1 design units, including 1 entities, in source file multiplexor.v
    Info (12023): Found entity 1: multiplexor_16x16 File: C:/quatrum_projects/multiplexor.v Line: 1
Info (12021): Found 1 design units, including 1 entities, in source file memory_block.v
    Info (12023): Found entity 1: memory_block File: C:/quatrum_projects/memory_block.v Line: 1
Info (12021): Found 1 design units, including 1 entities, in source file register_file.v
    Info (12023): Found entity 1: register_file File: C:/quatrum_projects/register_file.v Line: 1
Info (12021): Found 1 design units, including 1 entities, in source file op_multiplexor.v
    Info (12023): Found entity 1: op_multiplexor File: C:/quatrum_projects/op_multiplexor.v Line: 1
Warning (10229): Verilog HDL Expression warning at au.v(33): truncated literal to match 5 bits File: C:/quatrum_projects/au.v Line: 33
Info (12021): Found 3 design units, including 3 entities, in source file au.v
    Info (12023): Found entity 1: part_sum File: C:/quatrum_projects/au.v Line: 1
    Info (12023): Found entity 2: sum File: C:/quatrum_projects/au.v Line: 6
    Info (12023): Found entity 3: AU File: C:/quatrum_projects/au.v Line: 28
Info (12021): Found 1 design units, including 1 entities, in source file lu.v
    Info (12023): Found entity 1: LU File: C:/quatrum_projects/lu.v Line: 1
Info (12021): Found 1 design units, including 1 entities, in source file alu.v
    Info (12023): Found entity 1: alu File: C:/quatrum_projects/alu.v Line: 1
Info (12021): Found 3 design units, including 3 entities, in source file bit_op_multiplexor.v
    Info (12023): Found entity 1: mult_14x14 File: C:/quatrum_projects/bit_op_multiplexor.v Line: 1
    Info (12023): Found entity 2: mult_4x1 File: C:/quatrum_projects/bit_op_multiplexor.v Line: 10
    Info (12023): Found entity 3: bit_op_multiplexor File: C:/quatrum_projects/bit_op_multiplexor.v Line: 21
Info (12021): Found 2 design units, including 2 entities, in source file func_unit.v
    Info (12023): Found entity 1: multiplexor_16x3 File: C:/quatrum_projects/func_unit.v Line: 1
    Info (12023): Found entity 2: func_unit File: C:/quatrum_projects/func_unit.v Line: 10
Info (12021): Found 1 design units, including 1 entities, in source file datapath.v
    Info (12023): Found entity 1: datapath File: C:/quatrum_projects/datapath.v Line: 1
Info (12021): Found 1 design units, including 1 entities, in source file control_unit.v
    Info (12023): Found entity 1: control_unit File: C:/quatrum_projects/control_unit.v Line: 1
Info (12021): Found 1 design units, including 1 entities, in source file program_counter.v
    Info (12023): Found entity 1: program_counter File: C:/quatrum_projects/program_counter.v Line: 1
Info (12021): Found 1 design units, including 1 entities, in source file branch_control.v
    Info (12023): Found entity 1: branch_control File: C:/quatrum_projects/branch_control.v Line: 1
Info (12127): Elaborating entity "datapath" for the top level hierarchy
Info (12128): Elaborating entity "multiplexor_16x3" for hierarchy "multiplexor_16x3:m16x3_1" File: C:/quatrum_projects/datapath.v Line: 11
Info (12128): Elaborating entity "register_file" for hierarchy "register_file:reg_file" File: C:/quatrum_projects/datapath.v Line: 13
Info (12128): Elaborating entity "decoder" for hierarchy "register_file:reg_file|decoder:dec" File: C:/quatrum_projects/register_file.v Line: 12
Info (12128): Elaborating entity "memory_block" for hierarchy "register_file:reg_file|memory_block:mem_block1" File: C:/quatrum_projects/register_file.v Line: 29
Info (12128): Elaborating entity "multiplexor_16x16" for hierarchy "register_file:reg_file|multiplexor_16x16:mult1" File: C:/quatrum_projects/register_file.v Line: 47
Info (12128): Elaborating entity "func_unit" for hierarchy "func_unit:f_unit" File: C:/quatrum_projects/datapath.v Line: 14
Info (12128): Elaborating entity "alu" for hierarchy "func_unit:f_unit|alu:_alu" File: C:/quatrum_projects/func_unit.v Line: 14
Info (12128): Elaborating entity "AU" for hierarchy "func_unit:f_unit|alu:_alu|AU:au" File: C:/quatrum_projects/alu.v Line: 4
Info (12128): Elaborating entity "sum" for hierarchy "func_unit:f_unit|alu:_alu|AU:au|sum:s" File: C:/quatrum_projects/au.v Line: 38
Info (12128): Elaborating entity "part_sum" for hierarchy "func_unit:f_unit|alu:_alu|AU:au|sum:s|part_sum:sum1" File: C:/quatrum_projects/au.v Line: 8
Info (12128): Elaborating entity "LU" for hierarchy "func_unit:f_unit|alu:_alu|LU:lu" File: C:/quatrum_projects/alu.v Line: 5
Info (12128): Elaborating entity "op_multiplexor" for hierarchy "func_unit:f_unit|alu:_alu|op_multiplexor:op_mult" File: C:/quatrum_projects/alu.v Line: 6
Info (12128): Elaborating entity "bit_op_multiplexor" for hierarchy "func_unit:f_unit|bit_op_multiplexor:shifter" File: C:/quatrum_projects/func_unit.v Line: 15
Info (12128): Elaborating entity "mult_14x14" for hierarchy "func_unit:f_unit|bit_op_multiplexor:shifter|mult_14x14:m14x14" File: C:/quatrum_projects/bit_op_multiplexor.v Line: 22
Info (12128): Elaborating entity "mult_4x1" for hierarchy "func_unit:f_unit|bit_op_multiplexor:shifter|mult_4x1:m4x1_1" File: C:/quatrum_projects/bit_op_multiplexor.v Line: 23
Warning (12241): 2 hierarchies have connectivity warnings - see the Connectivity Checks report folder
Info (286030): Timing-Driven Synthesis is running
Info (16010): Generating hard_block partition "hard_block:auto_generated_inst"
    Info (16011): Adding 0 node(s), including 0 DDIO, 0 PLL, 0 transceiver and 0 LCELL
Info (21057): Implemented 673 device resources after synthesis - the final resource count might be different
    Info (21058): Implemented 52 input pins
    Info (21059): Implemented 52 output pins
    Info (21061): Implemented 569 logic cells
Info: Quartus Prime Analysis & Synthesis was successful. 0 errors, 3 warnings
    Info: Peak virtual memory: 898 megabytes
    Info: Processing ended: Fri Jul 22 15:05:35 2016
    Info: Elapsed time: 00:00:17
    Info: Total CPU time (on all processors): 00:00:39


